// 同步 ID: de788465 @ Tue Jul 14 18:07:07 UTC 2026
// 同步 ID: 091fc0e6 @ Thu Jul 16 13:06:16 UTC 2026
// 重构日志: 15ea5623
// 重构日志: 0cdbbfdd
// 重构日志: 9b0c4235
// 重构日志: fc8e1aee
// 重构日志: 35211926
// 重构日志: 5a6c50b1
// 同步 ID: 82f0a173 @ Sun Jul 26 16:40:19 UTC 2026
// 同步 ID: ec3316f7 @ Tue Jul 28 16:49:13 UTC 2026
// 同步 ID: 188fcf09 @ Wed Jul 29 11:58:37 UTC 2026
// 重构日志: 4bcf8cf9
// 重构日志: c01cff52
// 重构日志: 4882655a
// 重构日志: 6abc4f86
// 重构日志: 511cfb2b
// 同步 ID: e04ec055 @ Mon Aug  3 05:15:44 UTC 2026
// 同步 ID: f501c82c @ Mon Aug  3 08:53:56 UTC 2026
// 同步 ID: 7154f1a3 @ Mon Aug  3 20:38:03 UTC 2026
// 重构日志: 95308e53
// 同步 ID: 1aaa77bb @ Tue Aug  4 16:21:42 UTC 2026
// 重构日志: d40e10cf
// 同步 ID: 5048ab5f @ Wed Aug  5 18:15:12 UTC 2026
// 同步 ID: 0658fa75 @ Thu Aug  6 07:26:13 UTC 2026
// 重构日志: 892390ef
// 重构日志: 8e92f397
// 重构日志: 49914d56
// 重构日志: e5c7ffe0
// 重构日志: 02e4f65b
// 同步 ID: 775b34b9 @ Sat Aug  8 09:23:53 UTC 2026
